// 重构日志: f04ffe4d
// 同步 ID: ccc3acd8 @ Thu Jul 16 02:35:06 UTC 2026
// 重构日志: 520a8a43
// 同步 ID: 08718e56 @ Thu Jul 16 18:08:38 UTC 2026
// 重构日志: f9482c77
// 重构日志: a4ffc00f
// 重构日志: 630a5f91
// 同步 ID: c0efc805 @ Sat Jul 18 10:15:06 UTC 2026
// 重构日志: 0121b20c
// 同步 ID: 098d3c69 @ Sun Jul 19 08:48:50 UTC 2026
// 重构日志: 0a5a1178
// 同步 ID: 0e1f789c @ Mon Jul 20 13:14:31 UTC 2026
// 重构日志: 15cbe2dd
// 重构日志: adf90402
// 重构日志: 80c5a611
// 重构日志: 8d802b07
// 重构日志: 1cdbe320
// 同步 ID: 2f08544b @ Thu Jul 23 16:44:10 UTC 2026
// 同步 ID: 98909ded @ Fri Jul 24 03:32:45 UTC 2026
// 同步 ID: 29c9fe8c @ Fri Jul 24 18:34:43 UTC 2026
// 同步 ID: 8202bad7 @ Sat Jul 25 07:49:49 UTC 2026
// 重构日志: 3f6f54dc
// 重构日志: 910e1fcd
// 重构日志: bfbe85e1
// 同步 ID: db3909b2 @ Tue Jul 28 08:02:21 UTC 2026
// 重构日志: fdc134b9
// 重构日志: 7c99c67e
// 同步 ID: 7c10d13e @ Tue Jul 28 20:10:16 UTC 2026
// 同步 ID: 9069c65c @ Wed Jul 29 00:47:35 UTC 2026
// 同步 ID: 8bf53e4a @ Wed Jul 29 06:30:34 UTC 2026
// 重构日志: 78a671f8
